%!Adobe-FontList 1.16
%Locale:0x409

%BeginFont
Handler:DirectoryHandler
FontType:TrueType
FontName:BreweryNo2Pro-Black
FamilyName:Brewery No2 Pro
StyleName:Black
MenuName:Brewery No2 Pro Black
StyleBits:0
WeightClass:900
WidthClass:5
AngleClass:0
FullName:Brewery No2 Pro Black
WritingScript:Roman
OutlineFileName:\652022.ttf
DataFormat:sfntData
FileLength:180248
FileModTime:1489874993
NameArray:0,Mac,4,Brewery No2 Pro Black
NameArray:0,Win,1,Brewery No2 Pro Black
NameArray:0,Win,16,Brewery No2 Pro
%EndFont

%BeginFont
Handler:DirectoryHandler
FontType:TrueType
FontName:BreweryNo2Pro-MediumIt
FamilyName:Brewery No2 Pro
StyleName:Medium Italic
MenuName:Brewery No2 Pro Medium
StyleBits:1
WeightClass:500
WidthClass:5
AngleClass:1
FullName:Brewery No2 Pro Medium Italic
WritingScript:Roman
OutlineFileName:\652025.ttf
DataFormat:sfntData
FileLength:182732
FileModTime:1489874954
NameArray:0,Mac,18,Brewery No2 Pro Medium It
NameArray:0,Mac,4,Brewery No2 Pro Medium Italic
NameArray:0,Win,1,Brewery No2 Pro Medium
NameArray:0,Win,16,Brewery No2 Pro
%EndFont

%BeginFont
Handler:DirectoryHandler
FontType:TrueType
FontName:BreweryNo2Pro-Light
FamilyName:Brewery No2 Pro
StyleName:Light
MenuName:Brewery No2 Pro Light
StyleBits:0
WeightClass:300
WidthClass:5
AngleClass:0
FullName:Brewery No2 Pro Light
WritingScript:Roman
OutlineFileName:\652026.ttf
DataFormat:sfntData
FileLength:181236
FileModTime:1489874932
NameArray:0,Mac,4,Brewery No2 Pro Light
NameArray:0,Win,1,Brewery No2 Pro Light
NameArray:0,Win,16,Brewery No2 Pro
%EndFont

%BeginFont
Handler:DirectoryHandler
FontType:TrueType
FontName:BreweryNo2Pro-Medium
FamilyName:Brewery No2 Pro
StyleName:Medium
MenuName:Brewery No2 Pro Medium
StyleBits:0
WeightClass:500
WidthClass:5
AngleClass:0
FullName:Brewery No2 Pro Medium
WritingScript:Roman
OutlineFileName:\652027.ttf
DataFormat:sfntData
FileLength:180916
FileModTime:1489874954
NameArray:0,Mac,4,Brewery No2 Pro Medium
NameArray:0,Win,1,Brewery No2 Pro Medium
NameArray:0,Win,16,Brewery No2 Pro
%EndFont

%BeginFont
Handler:DirectoryHandler
FontType:TrueType
FontName:BreweryNo2Pro-XBold
FamilyName:Brewery No2 Pro
StyleName:XBold
MenuName:Brewery No2 Pro XBold
StyleBits:0
WeightClass:800
WidthClass:5
AngleClass:0
FullName:Brewery No2 Pro XBold
WritingScript:Roman
OutlineFileName:\652030.ttf
DataFormat:sfntData
FileLength:180540
FileModTime:1489874966
NameArray:0,Mac,4,Brewery No2 Pro XBold
NameArray:0,Win,1,Brewery No2 Pro XBold
NameArray:0,Win,16,Brewery No2 Pro
%EndFont

%BeginFont
Handler:DirectoryHandler
FontType:TrueType
FontName:BreweryNo2Pro-Bold
FamilyName:Brewery No2 Pro
StyleName:Bold
MenuName:Brewery No2 Pro Regular
StyleBits:2
WeightClass:700
WidthClass:5
AngleClass:0
FullName:Brewery No2 Pro Bold
WritingScript:Roman
OutlineFileName:\652032.ttf
DataFormat:sfntData
FileLength:179844
FileModTime:1489878954
NameArray:0,Mac,4,Brewery No2 Pro Bold
NameArray:0,Win,1,Brewery No2 Pro Regular
NameArray:0,Win,16,Brewery No2 Pro
%EndFont

%BeginFont
Handler:DirectoryHandler
FontType:Type1
FontName:Apercu-Black
FamilyName:Apercu
StyleName:Black
MenuName:Apercu Black
StyleBits:0
WeightClass:900
WidthClass:5
AngleClass:0
FullName:Apercu Black
WritingScript:Roman
OutlineFileName:\apercu-black.otf
DataFormat:sfntData
UsesStandardEncoding:yes
isCFF:yes
FileLength:67712
FileModTime:1484672768
NameArray:0,Mac,18,Apercu Black
NameArray:0,Mac,4,Apercu Black
NameArray:0,Win,1,Apercu Black
NameArray:0,Win,16,Apercu
%EndFont

%BeginFont
Handler:DirectoryHandler
FontType:Type1
FontName:Apercu-Bold
FamilyName:Apercu
StyleName:Bold
MenuName:Apercu
StyleBits:2
WeightClass:700
WidthClass:5
AngleClass:0
FullName:Apercu Bold
WritingScript:Roman
OutlineFileName:\apercu-bold.otf
DataFormat:sfntData
UsesStandardEncoding:yes
isCFF:yes
FileLength:92688
FileModTime:1484672768
NameArray:0,Mac,18,Apercu Bold
NameArray:0,Mac,4,Apercu Bold
NameArray:0,Win,1,Apercu
NameArray:0,Win,16,Apercu
%EndFont

%BeginFont
Handler:DirectoryHandler
FontType:Type1
FontName:Apercu-Light
FamilyName:Apercu
StyleName:Light
MenuName:Apercu Light
StyleBits:0
WeightClass:300
WidthClass:5
AngleClass:0
FullName:Apercu Light
WritingScript:Roman
OutlineFileName:\apercu-light.otf
DataFormat:sfntData
UsesStandardEncoding:yes
isCFF:yes
FileLength:91696
FileModTime:1484672768
NameArray:0,Mac,18,Apercu Light
NameArray:0,Mac,4,Apercu Light
NameArray:0,Win,1,Apercu Light
NameArray:0,Win,16,Apercu
%EndFont

%BeginFont
Handler:DirectoryHandler
FontType:Type1
FontName:Apercu-Medium
FamilyName:Apercu
StyleName:Medium
MenuName:Apercu Medium
StyleBits:0
WeightClass:500
WidthClass:5
AngleClass:0
FullName:Apercu Medium
WritingScript:Roman
OutlineFileName:\apercu-medium.otf
DataFormat:sfntData
UsesStandardEncoding:yes
isCFF:yes
FileLength:100932
FileModTime:1484672768
NameArray:0,Mac,18,Apercu Medium
NameArray:0,Mac,4,Apercu Medium
NameArray:0,Win,1,Apercu Medium
NameArray:0,Win,16,Apercu
%EndFont

%BeginFont
Handler:DirectoryHandler
FontType:Type1
FontName:Apercu-MonoBold
FamilyName:Apercu
StyleName:Mono Bold
MenuName:Apercu Mono Bold
StyleBits:0
WeightClass:260
WidthClass:5
AngleClass:0
FullName:Apercu Mono Bold
WritingScript:Roman
OutlineFileName:\apercu-mono-bold.otf
DataFormat:sfntData
UsesStandardEncoding:yes
isCFF:yes
FileLength:25868
FileModTime:1484672768
NameArray:0,Mac,4,Apercu Mono Bold
NameArray:0,Win,1,Apercu Mono Bold
NameArray:0,Win,16,Apercu
%EndFont

%BeginFont
Handler:DirectoryHandler
FontType:Type1
FontName:Apercu-Regular
FamilyName:Apercu
StyleName:Regular
MenuName:Apercu
StyleBits:0
WeightClass:400
WidthClass:5
AngleClass:0
FullName:Apercu
WritingScript:Roman
OutlineFileName:\apercu-regular.otf
DataFormat:sfntData
UsesStandardEncoding:yes
isCFF:yes
FileLength:98340
FileModTime:1484672768
NameArray:0,Mac,18,Apercu
NameArray:0,Mac,4,Apercu
NameArray:0,Win,1,Apercu
NameArray:0,Win,16,Apercu
%EndFont

%BeginFont
Handler:DirectoryHandler
FontType:Type1
FontName:MinionPro-Regular
FamilyName:Minion Pro
StyleName:Regular
MenuName:Minion Pro
StyleBits:0
WeightClass:400
WidthClass:5
AngleClass:0
FullName:Minion Pro
WritingScript:Roman
OutlineFileName:\MinionPro-Regular.otf
DataFormat:sfntData
UsesStandardEncoding:yes
isCFF:yes
FileLength:217280
FileModTime:1411838728
DesignSize:110
NameArray:0,Mac,4,Minion Pro
NameArray:0,Win,1,Minion Pro
%EndFont

